// Jest Snapshot v1, https://goo.gl/fbAQLP

exports[`The Navigation should render correctly! 1`] = `
Object {
  "asFragment": [Function],
  "baseElement": <body>
    <div>
      <nav
        class="navigation"
      >
        <div
          class="logoDiv"
        >
          <img
            alt="logo..."
            class="logoImage"
            src="logo.png"
          />
          <h2
            class="logoText"
          >
            Space Travelers' Hub
          </h2>
        </div>
        <ul
          class="NavUl"
        >
          <li
            class="navList"
          >
            <a
              aria-current="page"
              class="active"
              href="/"
            />
          </li>
          <li
            class="navList"
          >
            <a
              class="deActive"
              href="/rockets"
            >
              Rockets
            </a>
          </li>
          <li
            class="navList"
          >
            <a
              class="deActive"
              href="/missions"
            >
              Missions
            </a>
          </li>
          <li
            class="navList"
          >
            <a
              class="deActive"
              href="/my-profile"
            >
              | My Profile
            </a>
          </li>
        </ul>
      </nav>
    </div>
  </body>,
  "container": <div>
    <nav
      class="navigation"
    >
      <div
        class="logoDiv"
      >
        <img
          alt="logo..."
          class="logoImage"
          src="logo.png"
        />
        <h2
          class="logoText"
        >
          Space Travelers' Hub
        </h2>
      </div>
      <ul
        class="NavUl"
      >
        <li
          class="navList"
        >
          <a
            aria-current="page"
            class="active"
            href="/"
          />
        </li>
        <li
          class="navList"
        >
          <a
            class="deActive"
            href="/rockets"
          >
            Rockets
          </a>
        </li>
        <li
          class="navList"
        >
          <a
            class="deActive"
            href="/missions"
          >
            Missions
          </a>
        </li>
        <li
          class="navList"
        >
          <a
            class="deActive"
            href="/my-profile"
          >
            | My Profile
          </a>
        </li>
      </ul>
    </nav>
  </div>,
  "debug": [Function],
  "findAllByAltText": [Function],
  "findAllByDisplayValue": [Function],
  "findAllByLabelText": [Function],
  "findAllByPlaceholderText": [Function],
  "findAllByRole": [Function],
  "findAllByTestId": [Function],
  "findAllByText": [Function],
  "findAllByTitle": [Function],
  "findByAltText": [Function],
  "findByDisplayValue": [Function],
  "findByLabelText": [Function],
  "findByPlaceholderText": [Function],
  "findByRole": [Function],
  "findByTestId": [Function],
  "findByText": [Function],
  "findByTitle": [Function],
  "getAllByAltText": [Function],
  "getAllByDisplayValue": [Function],
  "getAllByLabelText": [Function],
  "getAllByPlaceholderText": [Function],
  "getAllByRole": [Function],
  "getAllByTestId": [Function],
  "getAllByText": [Function],
  "getAllByTitle": [Function],
  "getByAltText": [Function],
  "getByDisplayValue": [Function],
  "getByLabelText": [Function],
  "getByPlaceholderText": [Function],
  "getByRole": [Function],
  "getByTestId": [Function],
  "getByText": [Function],
  "getByTitle": [Function],
  "queryAllByAltText": [Function],
  "queryAllByDisplayValue": [Function],
  "queryAllByLabelText": [Function],
  "queryAllByPlaceholderText": [Function],
  "queryAllByRole": [Function],
  "queryAllByTestId": [Function],
  "queryAllByText": [Function],
  "queryAllByTitle": [Function],
  "queryByAltText": [Function],
  "queryByDisplayValue": [Function],
  "queryByLabelText": [Function],
  "queryByPlaceholderText": [Function],
  "queryByRole": [Function],
  "queryByTestId": [Function],
  "queryByText": [Function],
  "queryByTitle": [Function],
  "rerender": [Function],
  "unmount": [Function],
}
`;
